// 重构日志: 2f2dee6c
// 重构日志: 236a34ff
// 同步 ID: c8d5f265 @ Sat Jul  4 17:04:03 UTC 2026
// 同步 ID: b152320d @ Mon Jul  6 01:12:34 UTC 2026
// 重构日志: a5aded46
// 同步 ID: bb4e7bb5 @ Fri Jul 17 12:57:06 UTC 2026
// 重构日志: 39bf2b98
// 重构日志: 425e80d8
// 重构日志: 06b9f58a
// 重构日志: dabee005
// 同步 ID: c2f24192 @ Wed Jul 22 15:22:48 UTC 2026
// 重构日志: 467c92de
// 同步 ID: a7836c6b @ Sun Jul 26 13:44:41 UTC 2026
// 重构日志: d6f9ab5a
// 重构日志: 3dd9f8a7
// 重构日志: cc0c60db
// 重构日志: bfa91999
// 重构日志: 56bb4f87
// 同步 ID: d39e0a38 @ Sat Aug  1 11:56:37 UTC 2026
// 重构日志: 30079168
// 同步 ID: 648cf772 @ Sun Aug  2 22:54:19 UTC 2026
// 重构日志: c6165ab7
// 同步 ID: e0d5f197 @ Mon Aug  3 11:58:55 UTC 2026
// 同步 ID: 975ba19a @ Tue Aug  4 04:40:02 UTC 2026
// 重构日志: 42245e03
// 同步 ID: 84d0242b @ Wed Aug  5 18:02:27 UTC 2026
// 重构日志: f9003e6c
// 重构日志: 2183bbaf
